// Jest Snapshot v1, https://goo.gl/fbAQLP

exports[`[Temp] render renders without crashing 1`] = `
<View
  style={
    Object {
      "alignItems": "center",
      "justifyContent": "center",
      "textAlign": "center",
    }
  }
>
  <View
    accessible={true}
    focusable={true}
    onClick={[Function]}
    onResponderGrant={[Function]}
    onResponderMove={[Function]}
    onResponderRelease={[Function]}
    onResponderTerminate={[Function]}
    onResponderTerminationRequest={[Function]}
    onStartShouldSetResponder={[Function]}
    style={
      Object {
        "opacity": 1,
      }
    }
    testID="MyButton"
  >
    <Text
      allowFontScaling={false}
      style={
        Array [
          Object {
            "color": "#f4da6c",
            "fontSize": 35,
          },
          undefined,
          Object {
            "fontFamily": "MaterialIcons",
            "fontStyle": "normal",
            "fontWeight": "normal",
          },
          Object {},
        ]
      }
    >
      
    </Text>
    <Text
      style={
        Object {
          "color": "#ffff",
          "fontSize": 11,
          "fontWeight": "bold",
        }
      }
      testID="MyText"
    >
      사용자
    </Text>
  </View>
</View>
`;
