// Jest Snapshot v1, https://goo.gl/fbAQLP

exports[`[Temp] render renders without crashing 1`] = `
<View
  style={
    Object {
      "backgroundColor": "#e9967a",
      "flex": 1,
    }
  }
>
  <View
    style={
      Object {
        "alignSelf": "flex-end",
        "flexDirection": "row",
      }
    }
  >
    <ForwardRef
      onPress={[Function]}
      style={
        Object {
          "marginRight": 10,
          "marginTop": 10,
        }
      }
    >
      <Text
        style={
          Object {
            "color": "white",
            "fontSize": 15,
            "marginBottom": 6,
            "textAlign": "center",
          }
        }
      >
        ❓
      </Text>
      <Text
        style={
          Object {
            "color": "white",
            "fontSize": 11,
            "fontWeight": "bold",
          }
        }
      >
        도움말
      </Text>
    </ForwardRef>
    <Connect(ChangeButton)
      onPress={[Function]}
    />
  </View>
  <View
    style={
      Object {
        "alignItems": "center",
        "flex": 1,
        "flexDirection": "column",
        "justifyContent": "center",
        "paddingBottom": 5,
      }
    }
  >
    <Text
      style={
        Object {
          "color": "#fff",
          "fontSize": 25,
          "fontWeight": "bold",
        }
      }
    >
      Deliversity
    </Text>
    <Text
      style={
        Object {
          "color": "#fff",
          "fontSize": 14,
        }
      }
    >
      원하는 배달건을 찾아보세요!
    </Text>
  </View>
  <View
    style={
      Object {
        "backgroundColor": "#fff",
        "borderTopLeftRadius": 30,
        "borderTopRightRadius": 30,
        "flex": 8,
        "paddingVertical": 10,
      }
    }
  >
    <View
      style={
        Object {
          "alignItems": "center",
          "alignSelf": "center",
          "backgroundColor": "#fafad2",
          "borderBottomLeftRadius": 20,
          "borderBottomRightRadius": 20,
          "borderTopLeftRadius": 20,
          "borderTopRightRadius": 20,
          "elevation": 2,
          "flexDirection": "row",
          "justifyContent": "center",
          "marginBottom": 10,
          "shadowColor": "darkgray",
          "shadowOffset": Object {
            "height": 3,
            "width": 3,
          },
          "shadowOpacity": 0.1,
          "shadowRadius": 5,
          "width": "96%",
        }
      }
    >
      <Component
        allowFontScaling={true}
        onChangeText={[Function]}
        placeholder=" Search the store"
        rejectResponderTermination={true}
        style={
          Object {
            "backgroundColor": "#ffff",
            "borderBottomLeftRadius": 15,
            "borderBottomRightRadius": 15,
            "borderTopLeftRadius": 15,
            "borderTopRightRadius": 15,
            "height": 40,
            "width": "50%",
          }
        }
        underlineColorAndroid="transparent"
      />
      <Picker
        mode="dialog"
        onValueChange={[Function]}
        selectedValue="전체"
        style={
          Object {
            "color": "gray",
            "placeholderTextColor": "gray",
            "size": 12,
            "width": 115,
          }
        }
      >
        <PickerItem
          label="전체"
          value="전체"
        />
        <PickerItem
          label="음식점"
          value="음식점"
        />
        <PickerItem
          label="카페"
          value="카페"
        />
        <PickerItem
          label="편의점"
          value="편의점"
        />
        <PickerItem
          label="세탁소"
          value="세탁소"
        />
        <PickerItem
          label="문구점"
          value="문구점"
        />
        <PickerItem
          label="기타"
          value="기타"
        />
      </Picker>
      <ForwardRef
        onPress={[Function]}
        style={
          Object {
            "padding": 5,
          }
        }
      >
        <Icon
          allowFontScaling={false}
          color="gray"
          name="search"
          size={28}
        />
      </ForwardRef>
    </View>
    <FlatList
      data=""
      disableVirtualization={false}
      extraData={
        Object {
          "DefaultOrderList": "",
          "HotOrderList": "",
          "bufferDefaultOrder": "",
          "bufferHotOrder": "",
          "filterOrder": "",
          "isHotDeal": true,
          "modalVisible": true,
          "params": Object {},
          "refreshing": true,
          "selectedValue": "전체",
        }
      }
      horizontal={false}
      initialNumToRender={10}
      keyExtractor={[Function]}
      maxToRenderPerBatch={10}
      numColumns={1}
      onEndReachedThreshold={2}
      refreshControl={
        <RefreshControlMock
          onRefresh={[Function]}
          refreshing={true}
        />
      }
      removeClippedSubviews={true}
      renderItem={[Function]}
      scrollEventThrottle={50}
      updateCellsBatchingPeriod={50}
      windowSize={21}
    />
    <View
      style={
        Object {
          "flexDirection": "row",
          "justifyContent": "center",
          "marginTop": 6,
        }
      }
    >
      <ForwardRef
        onPress={[Function]}
      >
        <Text
          style={
            Object {
              "alignItems": "center",
              "backgroundColor": "#f4da6c",
              "color": "white",
              "fontSize": 15,
              "fontWeight": "bold",
              "justifyContent": "center",
              "marginLeft": 5,
              "paddingVertical": 5,
              "textAlign": "center",
              "width": 150,
            }
          }
        >
          핫딜
        </Text>
      </ForwardRef>
      <ForwardRef
        onPress={[Function]}
      >
        <Text
          style={
            Object {
              "alignItems": "center",
              "backgroundColor": "#e9967a",
              "color": "white",
              "fontSize": 15,
              "fontWeight": "bold",
              "justifyContent": "center",
              "marginLeft": 5,
              "paddingVertical": 5,
              "textAlign": "center",
              "width": 150,
            }
          }
        >
          기본
        </Text>
      </ForwardRef>
    </View>
  </View>
  <Component
    animationType="slide"
    hardwareAccelerated={false}
    transparent={true}
    visible={false}
  >
    <View
      style={
        Object {
          "backgroundColor": "white",
          "opacity": 0.7,
        }
      }
    >
      <ForwardRef
        onPress={[Function]}
        style={
          Object {
            "marginLeft": 10,
            "marginTop": 10,
          }
        }
      >
        <Icon
          allowFontScaling={false}
          color="#000000"
          name="clear"
          size={25}
        />
      </ForwardRef>
      <Image
        source={
          Object {
            "testUri": "../../../assets/seekDetail.png",
          }
        }
        style={
          Object {
            "height": 1320,
            "width": 750,
          }
        }
      />
    </View>
  </Component>
</View>
`;
