// Jest Snapshot v1, https://goo.gl/fbAQLP

exports[`[Temp] render renders without crashing 1`] = `
<View
  style={
    Object {
      "flex": 1,
    }
  }
>
  <View
    style={
      Object {
        "backgroundColor": "white",
        "borderBottomColor": "#fffaf0",
        "borderBottomWidth": 1,
        "flex": 3,
        "flexDirection": "column",
        "marginBottom": 5,
        "paddingHorizontal": 20,
        "paddingVertical": 20,
      }
    }
  >
    <View
      style={
        Object {
          "flexDirection": "row",
          "justifyContent": "space-between",
        }
      }
    >
      <Styled(Text)
        style={
          Object {
            "fontSize": 19,
            "fontWeight": "bold",
          }
        }
      />
    </View>
    <Styled(Text)
      style={
        Object {
          "marginBottom": 10,
        }
      }
    />
    <Styled(Text)
      style={
        Object {
          "color": "#A9A9A9",
          "fontSize": 15,
          "fontWeight": "bold",
        }
      }
    >
      배달 받을 곳
    </Styled(Text)>
    <Styled(Text)
      style={
        Object {
          "fontSize": 14,
        }
      }
    >
      - 
       
    </Styled(Text)>
    <Styled(Text)
      style={
        Object {
          "color": "#A9A9A9",
          "fontSize": 14,
          "fontWeight": "bold",
        }
      }
    >
      거리 배달비
    </Styled(Text)>
    <Styled(Text)
      style={
        Object {
          "fontSize": 15,
        }
      }
    >
      - 
      원
    </Styled(Text)>
  </View>
  <View
    style={
      Object {
        "backgroundColor": "white",
        "borderBottomColor": "#fffaf0",
        "borderBottomWidth": 1,
        "flex": 7,
        "flexDirection": "column",
        "marginBottom": 5,
        "marginTop": 2,
      }
    }
  >
    <Styled(Text)
      style={
        Object {
          "fontSize": 18,
          "fontWeight": "bold",
          "paddingHorizontal": 20,
          "paddingVertical": 20,
        }
      }
    >
      신청한 배달원 리스트
    </Styled(Text)>
    <Styled(List)
      dataArray=""
      keyExtractor={[Function]}
      renderRow={[Function]}
    />
  </View>
</View>
`;
