// Jest Snapshot v1, https://goo.gl/fbAQLP

exports[`[Temp] render renders without crashing 1`] = `
<RCTScrollView
  style={
    Object {
      "backgroundColor": "#8fbc8f",
      "flex": 1,
    }
  }
>
  <View>
    <View
      style={
        Object {
          "flex": 1,
          "justifyContent": "flex-end",
          "paddingBottom": 5,
          "paddingHorizontal": 20,
        }
      }
    >
      <Text
        style={
          Object {
            "color": "white",
            "fontSize": 30,
            "fontWeight": "bold",
          }
        }
      >
        Signup!
      </Text>
    </View>
    <View
      style={
        Object {
          "backgroundColor": "#fff",
          "borderTopLeftRadius": 30,
          "borderTopRightRadius": 30,
          "flex": 4,
          "paddingHorizontal": 20,
          "paddingVertical": 30,
        }
      }
    >
      <Text
        style={
          Object {
            "color": "#ff7f50",
            "fontSize": 15,
          }
        }
      >
        ID
      </Text>
      <View
        style={
          Object {
            "flexDirection": "row",
            "marginTop": 10,
            "paddingBottom": 5,
          }
        }
      >
        <View
          style={
            Array [
              Object {
                "backgroundColor": "rgb(231, 231, 231)",
                "borderTopLeftRadius": 4,
                "borderTopRightRadius": 4,
              },
              Object {
                "color": "#05375a",
                "flex": 1,
              },
            ]
          }
        >
          <View
            style={
              Object {
                "backgroundColor": "rgba(0, 0, 0, 0.26)",
                "bottom": 0,
                "height": 2,
                "left": 0,
                "position": "absolute",
                "right": 0,
                "transform": Array [
                  Object {
                    "scaleY": 0.5,
                  },
                ],
              }
            }
          />
          <View
            style={
              Object {
                "minHeight": 64,
                "paddingBottom": 0,
                "paddingTop": 0,
              }
            }
          >
            <TextInput
              allowFontScaling={true}
              editable={true}
              multiline={false}
              onBlur={[Function]}
              onChangeText={[Function]}
              onFocus={[Function]}
              placeholder="ID"
              placeholderTextColor="rgba(0, 0, 0, 0.54)"
              rejectResponderTermination={true}
              selectionColor="#6200ee"
              style={
                Array [
                  Object {
                    "flexGrow": 1,
                    "margin": 0,
                    "textAlign": "left",
                    "zIndex": 1,
                  },
                  Object {
                    "paddingLeft": 12,
                    "paddingRight": 12,
                  },
                  Object {
                    "height": 64,
                  },
                  Object {
                    "paddingBottom": 0,
                    "paddingTop": 0,
                  },
                  Object {
                    "color": "#000000",
                    "fontFamily": "sans-serif",
                    "fontSize": 16,
                    "fontWeight": undefined,
                    "textAlignVertical": "center",
                  },
                  Array [
                    Object {},
                  ],
                ]
              }
              underlineColorAndroid="transparent"
              value=""
            />
          </View>
        </View>
      </View>
      <Text
        style={
          Object {
            "color": "#ff7f50",
            "fontSize": 15,
          }
        }
      >
        Password
      </Text>
      <View
        style={
          Object {
            "flexDirection": "row",
            "marginTop": 10,
            "paddingBottom": 5,
          }
        }
      >
        <View
          style={
            Array [
              Object {
                "backgroundColor": "rgb(231, 231, 231)",
                "borderTopLeftRadius": 4,
                "borderTopRightRadius": 4,
              },
              Object {
                "color": "#05375a",
                "flex": 1,
              },
            ]
          }
        >
          <View
            style={
              Object {
                "backgroundColor": "rgba(0, 0, 0, 0.26)",
                "bottom": 0,
                "height": 2,
                "left": 0,
                "position": "absolute",
                "right": 0,
                "transform": Array [
                  Object {
                    "scaleY": 0.5,
                  },
                ],
              }
            }
          />
          <View
            style={
              Object {
                "minHeight": 64,
                "paddingBottom": 0,
                "paddingTop": 0,
              }
            }
          >
            <TextInput
              allowFontScaling={true}
              editable={true}
              multiline={false}
              onBlur={[Function]}
              onChangeText={[Function]}
              onFocus={[Function]}
              placeholder="PW"
              placeholderTextColor="rgba(0, 0, 0, 0.54)"
              rejectResponderTermination={true}
              secureTextEntry={true}
              selectionColor="#6200ee"
              style={
                Array [
                  Object {
                    "flexGrow": 1,
                    "margin": 0,
                    "textAlign": "left",
                    "zIndex": 1,
                  },
                  Object {
                    "paddingLeft": 12,
                    "paddingRight": 12,
                  },
                  Object {
                    "height": 64,
                  },
                  Object {
                    "paddingBottom": 0,
                    "paddingTop": 0,
                  },
                  Object {
                    "color": "#000000",
                    "fontFamily": "sans-serif",
                    "fontSize": 16,
                    "fontWeight": undefined,
                    "textAlignVertical": "center",
                  },
                  Array [
                    Object {},
                  ],
                ]
              }
              underlineColorAndroid="transparent"
              value=""
            />
          </View>
        </View>
      </View>
      <Text
        style={
          Object {
            "color": "#ff7f50",
            "fontSize": 15,
          }
        }
      >
        Name
      </Text>
      <View
        style={
          Object {
            "flexDirection": "row",
            "marginTop": 10,
            "paddingBottom": 5,
          }
        }
      >
        <View
          style={
            Array [
              Object {
                "backgroundColor": "rgb(231, 231, 231)",
                "borderTopLeftRadius": 4,
                "borderTopRightRadius": 4,
              },
              Object {
                "color": "#05375a",
                "flex": 1,
              },
            ]
          }
        >
          <View
            style={
              Object {
                "backgroundColor": "rgba(0, 0, 0, 0.26)",
                "bottom": 0,
                "height": 2,
                "left": 0,
                "position": "absolute",
                "right": 0,
                "transform": Array [
                  Object {
                    "scaleY": 0.5,
                  },
                ],
              }
            }
          />
          <View
            style={
              Object {
                "minHeight": 64,
                "paddingBottom": 0,
                "paddingTop": 0,
              }
            }
          >
            <TextInput
              allowFontScaling={true}
              editable={true}
              multiline={false}
              onBlur={[Function]}
              onChangeText={[Function]}
              onFocus={[Function]}
              placeholder="Name"
              placeholderTextColor="rgba(0, 0, 0, 0.54)"
              rejectResponderTermination={true}
              selectionColor="#6200ee"
              style={
                Array [
                  Object {
                    "flexGrow": 1,
                    "margin": 0,
                    "textAlign": "left",
                    "zIndex": 1,
                  },
                  Object {
                    "paddingLeft": 12,
                    "paddingRight": 12,
                  },
                  Object {
                    "height": 64,
                  },
                  Object {
                    "paddingBottom": 0,
                    "paddingTop": 0,
                  },
                  Object {
                    "color": "#000000",
                    "fontFamily": "sans-serif",
                    "fontSize": 16,
                    "fontWeight": undefined,
                    "textAlignVertical": "center",
                  },
                  Array [
                    Object {},
                  ],
                ]
              }
              underlineColorAndroid="transparent"
              value=""
            />
          </View>
        </View>
      </View>
      <Text
        style={
          Object {
            "color": "#ff7f50",
            "fontSize": 15,
          }
        }
      >
        Phone
      </Text>
      <View
        style={
          Object {
            "flexDirection": "row",
            "marginTop": 10,
            "paddingBottom": 5,
          }
        }
      >
        <View
          style={
            Array [
              Object {
                "backgroundColor": "rgb(231, 231, 231)",
                "borderTopLeftRadius": 4,
                "borderTopRightRadius": 4,
              },
              Object {
                "color": "#05375a",
                "flex": 1,
              },
            ]
          }
        >
          <View
            style={
              Object {
                "backgroundColor": "rgba(0, 0, 0, 0.26)",
                "bottom": 0,
                "height": 2,
                "left": 0,
                "position": "absolute",
                "right": 0,
                "transform": Array [
                  Object {
                    "scaleY": 0.5,
                  },
                ],
              }
            }
          />
          <View
            style={
              Object {
                "minHeight": 64,
                "paddingBottom": 0,
                "paddingTop": 0,
              }
            }
          >
            <TextInput
              allowFontScaling={true}
              editable={true}
              multiline={false}
              onBlur={[Function]}
              onChangeText={[Function]}
              onFocus={[Function]}
              placeholder="phone"
              placeholderTextColor="rgba(0, 0, 0, 0.54)"
              rejectResponderTermination={true}
              selectionColor="#6200ee"
              style={
                Array [
                  Object {
                    "flexGrow": 1,
                    "margin": 0,
                    "textAlign": "left",
                    "zIndex": 1,
                  },
                  Object {
                    "paddingLeft": 12,
                    "paddingRight": 12,
                  },
                  Object {
                    "height": 64,
                  },
                  Object {
                    "paddingBottom": 0,
                    "paddingTop": 0,
                  },
                  Object {
                    "color": "#000000",
                    "fontFamily": "sans-serif",
                    "fontSize": 16,
                    "fontWeight": undefined,
                    "textAlignVertical": "center",
                  },
                  Array [
                    Object {},
                  ],
                ]
              }
              underlineColorAndroid="transparent"
              value=""
            />
          </View>
        </View>
      </View>
      <View
        style={
          Object {
            "height": 40,
            "marginBottom": 7,
            "width": "100%",
          }
        }
      >
        <View
          accessible={true}
          focusable={true}
          onClick={[Function]}
          onResponderGrant={[Function]}
          onResponderMove={[Function]}
          onResponderRelease={[Function]}
          onResponderTerminate={[Function]}
          onResponderTerminationRequest={[Function]}
          onStartShouldSetResponder={[Function]}
          style={
            Object {
              "alignItems": "center",
              "backgroundColor": "#8fbc8f",
              "height": "100%",
              "justifyContent": "center",
              "marginTop": 3,
              "opacity": 1,
              "width": "100%",
            }
          }
        >
          <Text
            style={
              Object {
                "color": "white",
              }
            }
          >
            인증 번호 받기
          </Text>
        </View>
      </View>
      <View
        style={
          Object {
            "alignItems": "center",
            "flex": 1,
            "justifyContent": "center",
          }
        }
      >
        <Modal
          animationType="slide"
          hardwareAccelerated={false}
          onRequestClose={[Function]}
          transparent={true}
          visible={false}
        >
          <View
            style={
              Object {
                "alignItems": "center",
                "flex": 1,
                "justifyContent": "center",
              }
            }
          >
            <View
              style={
                Object {
                  "alignItems": "center",
                  "backgroundColor": "white",
                  "borderRadius": 20,
                  "elevation": 5,
                  "margin": 20,
                  "padding": 35,
                  "shadowColor": "#000",
                  "shadowOffset": Object {
                    "height": 2,
                    "width": 0,
                  },
                  "shadowOpacity": 0.25,
                  "shadowRadius": 3.84,
                }
              }
            >
              <Text
                style={
                  Object {
                    "color": "#ff7f50",
                    "fontSize": 15,
                  }
                }
              >
                인증 번호 입력
              </Text>
              <View
                style={
                  Object {
                    "flexDirection": "row",
                    "marginTop": 10,
                    "paddingBottom": 5,
                  }
                }
              >
                <View
                  style={
                    Array [
                      Object {
                        "backgroundColor": "rgb(231, 231, 231)",
                        "borderTopLeftRadius": 4,
                        "borderTopRightRadius": 4,
                      },
                      Object {
                        "color": "#05375a",
                        "flex": 1,
                      },
                    ]
                  }
                >
                  <View
                    style={
                      Object {
                        "backgroundColor": "rgba(0, 0, 0, 0.26)",
                        "bottom": 0,
                        "height": 2,
                        "left": 0,
                        "position": "absolute",
                        "right": 0,
                        "transform": Array [
                          Object {
                            "scaleY": 0.5,
                          },
                        ],
                      }
                    }
                  />
                  <View
                    style={
                      Object {
                        "minHeight": 64,
                        "paddingBottom": 0,
                        "paddingTop": 0,
                      }
                    }
                  >
                    <TextInput
                      allowFontScaling={true}
                      editable={true}
                      multiline={false}
                      onBlur={[Function]}
                      onChangeText={[Function]}
                      onFocus={[Function]}
                      placeholder="num"
                      placeholderTextColor="rgba(0, 0, 0, 0.54)"
                      rejectResponderTermination={true}
                      selectionColor="#6200ee"
                      style={
                        Array [
                          Object {
                            "flexGrow": 1,
                            "margin": 0,
                            "textAlign": "left",
                            "zIndex": 1,
                          },
                          Object {
                            "paddingLeft": 12,
                            "paddingRight": 12,
                          },
                          Object {
                            "height": 64,
                          },
                          Object {
                            "paddingBottom": 0,
                            "paddingTop": 0,
                          },
                          Object {
                            "color": "#000000",
                            "fontFamily": "sans-serif",
                            "fontSize": 16,
                            "fontWeight": undefined,
                            "textAlignVertical": "center",
                          },
                          Array [
                            Object {},
                          ],
                        ]
                      }
                      underlineColorAndroid="transparent"
                    />
                  </View>
                </View>
              </View>
              <View
                style={
                  Object {
                    "height": 40,
                    "marginBottom": 7,
                    "width": "100%",
                  }
                }
              >
                <View
                  accessible={true}
                  focusable={true}
                  onClick={[Function]}
                  onResponderGrant={[Function]}
                  onResponderMove={[Function]}
                  onResponderRelease={[Function]}
                  onResponderTerminate={[Function]}
                  onResponderTerminationRequest={[Function]}
                  onStartShouldSetResponder={[Function]}
                  style={
                    Object {
                      "alignItems": "center",
                      "backgroundColor": "#8fbc8f",
                      "elevation": 2,
                      "justifyContent": "center",
                      "marginTop": 1,
                      "opacity": 1,
                      "padding": 5,
                      "width": "100%",
                    }
                  }
                >
                  <Text
                    style={
                      Object {
                        "color": "white",
                      }
                    }
                  >
                    인증하기
                  </Text>
                </View>
              </View>
              <View
                accessible={true}
                focusable={true}
                onClick={[Function]}
                onResponderGrant={[Function]}
                onResponderMove={[Function]}
                onResponderRelease={[Function]}
                onResponderTerminate={[Function]}
                onResponderTerminationRequest={[Function]}
                onStartShouldSetResponder={[Function]}
                style={
                  Object {
                    "alignItems": "center",
                    "backgroundColor": "#8fbc8f",
                    "elevation": 2,
                    "justifyContent": "center",
                    "marginTop": 1,
                    "opacity": 1,
                    "padding": 5,
                    "width": "100%",
                  }
                }
              >
                <Text
                  style={
                    Object {
                      "color": "white",
                    }
                  }
                >
                  이전으로
                </Text>
              </View>
            </View>
          </View>
        </Modal>
      </View>
      <Text
        style={
          Object {
            "color": "#ff7f50",
            "fontSize": 15,
          }
        }
      >
        Email
      </Text>
      <View
        style={
          Object {
            "flexDirection": "row",
            "marginTop": 10,
            "paddingBottom": 5,
          }
        }
      >
        <View
          style={
            Array [
              Object {
                "backgroundColor": "rgb(231, 231, 231)",
                "borderTopLeftRadius": 4,
                "borderTopRightRadius": 4,
              },
              Object {
                "color": "#05375a",
                "flex": 1,
              },
            ]
          }
        >
          <View
            style={
              Object {
                "backgroundColor": "rgba(0, 0, 0, 0.26)",
                "bottom": 0,
                "height": 2,
                "left": 0,
                "position": "absolute",
                "right": 0,
                "transform": Array [
                  Object {
                    "scaleY": 0.5,
                  },
                ],
              }
            }
          />
          <View
            style={
              Object {
                "minHeight": 64,
                "paddingBottom": 0,
                "paddingTop": 0,
              }
            }
          >
            <TextInput
              allowFontScaling={true}
              editable={true}
              multiline={false}
              onBlur={[Function]}
              onChangeText={[Function]}
              onFocus={[Function]}
              placeholder="Email"
              placeholderTextColor="rgba(0, 0, 0, 0.54)"
              rejectResponderTermination={true}
              selectionColor="#6200ee"
              style={
                Array [
                  Object {
                    "flexGrow": 1,
                    "margin": 0,
                    "textAlign": "left",
                    "zIndex": 1,
                  },
                  Object {
                    "paddingLeft": 12,
                    "paddingRight": 12,
                  },
                  Object {
                    "height": 64,
                  },
                  Object {
                    "paddingBottom": 0,
                    "paddingTop": 0,
                  },
                  Object {
                    "color": "#000000",
                    "fontFamily": "sans-serif",
                    "fontSize": 16,
                    "fontWeight": undefined,
                    "textAlignVertical": "center",
                  },
                  Array [
                    Object {},
                  ],
                ]
              }
              underlineColorAndroid="transparent"
              value=""
            />
          </View>
        </View>
      </View>
      <View
        style={
          Object {
            "height": 40,
            "marginBottom": 7,
            "width": "100%",
          }
        }
      >
        <View
          accessible={true}
          focusable={true}
          onClick={[Function]}
          onResponderGrant={[Function]}
          onResponderMove={[Function]}
          onResponderRelease={[Function]}
          onResponderTerminate={[Function]}
          onResponderTerminationRequest={[Function]}
          onStartShouldSetResponder={[Function]}
          style={
            Object {
              "alignItems": "center",
              "backgroundColor": "#8fbc8f",
              "height": "100%",
              "justifyContent": "center",
              "marginTop": 3,
              "opacity": 1,
              "width": "100%",
            }
          }
        >
          <Text
            style={
              Object {
                "color": "white",
              }
            }
          >
            인증 링크받기
          </Text>
        </View>
      </View>
      <Text
        style={
          Object {
            "color": "#ff7f50",
            "fontSize": 15,
          }
        }
      >
        NickName
      </Text>
      <View
        style={
          Object {
            "flexDirection": "row",
            "marginTop": 10,
            "paddingBottom": 5,
          }
        }
      >
        <View
          style={
            Array [
              Object {
                "backgroundColor": "rgb(231, 231, 231)",
                "borderTopLeftRadius": 4,
                "borderTopRightRadius": 4,
              },
              Object {
                "color": "#05375a",
                "flex": 1,
              },
            ]
          }
        >
          <View
            style={
              Object {
                "backgroundColor": "rgba(0, 0, 0, 0.26)",
                "bottom": 0,
                "height": 2,
                "left": 0,
                "position": "absolute",
                "right": 0,
                "transform": Array [
                  Object {
                    "scaleY": 0.5,
                  },
                ],
              }
            }
          />
          <View
            style={
              Object {
                "minHeight": 64,
                "paddingBottom": 0,
                "paddingTop": 0,
              }
            }
          >
            <TextInput
              allowFontScaling={true}
              editable={true}
              multiline={false}
              onBlur={[Function]}
              onChangeText={[Function]}
              onFocus={[Function]}
              placeholder="NickName"
              placeholderTextColor="rgba(0, 0, 0, 0.54)"
              rejectResponderTermination={true}
              selectionColor="#6200ee"
              style={
                Array [
                  Object {
                    "flexGrow": 1,
                    "margin": 0,
                    "textAlign": "left",
                    "zIndex": 1,
                  },
                  Object {
                    "paddingLeft": 12,
                    "paddingRight": 12,
                  },
                  Object {
                    "height": 64,
                  },
                  Object {
                    "paddingBottom": 0,
                    "paddingTop": 0,
                  },
                  Object {
                    "color": "#000000",
                    "fontFamily": "sans-serif",
                    "fontSize": 16,
                    "fontWeight": undefined,
                    "textAlignVertical": "center",
                  },
                  Array [
                    Object {},
                  ],
                ]
              }
              underlineColorAndroid="transparent"
              value=""
            />
          </View>
        </View>
      </View>
      <Text
        style={
          Object {
            "color": "#ff7f50",
            "fontSize": 15,
          }
        }
      >
        Age
      </Text>
      <View
        style={
          Object {
            "flexDirection": "row",
            "marginTop": 10,
            "paddingBottom": 5,
          }
        }
      >
        <View
          style={
            Array [
              Object {
                "backgroundColor": "rgb(231, 231, 231)",
                "borderTopLeftRadius": 4,
                "borderTopRightRadius": 4,
              },
              Object {
                "color": "#05375a",
                "flex": 1,
              },
            ]
          }
        >
          <View
            style={
              Object {
                "backgroundColor": "rgba(0, 0, 0, 0.26)",
                "bottom": 0,
                "height": 2,
                "left": 0,
                "position": "absolute",
                "right": 0,
                "transform": Array [
                  Object {
                    "scaleY": 0.5,
                  },
                ],
              }
            }
          />
          <View
            style={
              Object {
                "minHeight": 64,
                "paddingBottom": 0,
                "paddingTop": 0,
              }
            }
          >
            <TextInput
              allowFontScaling={true}
              editable={true}
              multiline={false}
              onBlur={[Function]}
              onChangeText={[Function]}
              onFocus={[Function]}
              placeholder="Age"
              placeholderTextColor="rgba(0, 0, 0, 0.54)"
              rejectResponderTermination={true}
              selectionColor="#6200ee"
              style={
                Array [
                  Object {
                    "flexGrow": 1,
                    "margin": 0,
                    "textAlign": "left",
                    "zIndex": 1,
                  },
                  Object {
                    "paddingLeft": 12,
                    "paddingRight": 12,
                  },
                  Object {
                    "height": 64,
                  },
                  Object {
                    "paddingBottom": 0,
                    "paddingTop": 0,
                  },
                  Object {
                    "color": "#000000",
                    "fontFamily": "sans-serif",
                    "fontSize": 16,
                    "fontWeight": undefined,
                    "textAlignVertical": "center",
                  },
                  Array [
                    Object {},
                  ],
                ]
              }
              underlineColorAndroid="transparent"
              value=""
            />
          </View>
        </View>
      </View>
    </View>
    <View
      style={
        Object {
          "height": 40,
          "marginBottom": 7,
          "width": "100%",
        }
      }
    >
      <View
        accessible={true}
        focusable={true}
        onClick={[Function]}
        onResponderGrant={[Function]}
        onResponderMove={[Function]}
        onResponderRelease={[Function]}
        onResponderTerminate={[Function]}
        onResponderTerminationRequest={[Function]}
        onStartShouldSetResponder={[Function]}
        style={
          Object {
            "alignItems": "center",
            "backgroundColor": "#8fbc8f",
            "height": "100%",
            "justifyContent": "center",
            "marginTop": 10,
            "opacity": 1,
            "width": "100%",
          }
        }
      >
        <Text
          style={
            Object {
              "color": "white",
              "height": "70%",
            }
          }
        >
          회원가입
        </Text>
      </View>
    </View>
  </View>
</RCTScrollView>
`;
